========================================================================
Environment versions
========================================================================
Python:        3.12.12
torch:         2.5.1+cu121
transformers:  4.57.6
numpy:         2.3.5
pandas:        3.0.0
CUDA build:    12.1
CUDA runtime:  True
========================================================================

Device: cuda
GPU:    Tesla V100-PCIE-16GB (15.8 GB VRAM)

Loading model: gabrielloiseau/CALE-MBERT-en ...
Model loaded in 7.8s
Hidden dim: 1024

Loading vocabulary: data/filtered_split/wn_synset/wndef/vocabulary_wndef.csv
  Vocabulary size: 53,930
Loading phrases:    data/filtered_split/wn_synset/wndef/f_common_wndef.csv

Encoding 53,930 f_common_wndef phrases (batch_size=64, pooling=meanpool) ...
    encoded 64 / 53,930
    encoded 1,344 / 53,930
    encoded 2,624 / 53,930
    encoded 3,904 / 53,930
    encoded 5,184 / 53,930
    encoded 6,464 / 53,930
    encoded 7,744 / 53,930
    encoded 9,024 / 53,930
    encoded 10,304 / 53,930
    encoded 11,584 / 53,930
    encoded 12,864 / 53,930
    encoded 14,144 / 53,930
    encoded 15,424 / 53,930
    encoded 16,704 / 53,930
    encoded 17,984 / 53,930
    encoded 19,264 / 53,930
    encoded 20,544 / 53,930
    encoded 21,824 / 53,930
    encoded 23,104 / 53,930
    encoded 24,384 / 53,930
    encoded 25,664 / 53,930
    encoded 26,944 / 53,930
    encoded 28,224 / 53,930
    encoded 29,504 / 53,930
    encoded 30,784 / 53,930
    encoded 32,064 / 53,930
    encoded 33,344 / 53,930
    encoded 34,624 / 53,930
    encoded 35,904 / 53,930
    encoded 37,184 / 53,930
    encoded 38,464 / 53,930
    encoded 39,744 / 53,930
    encoded 41,024 / 53,930
    encoded 42,304 / 53,930
    encoded 43,584 / 53,930
    encoded 44,864 / 53,930
    encoded 46,144 / 53,930
    encoded 47,424 / 53,930
    encoded 48,704 / 53,930
    encoded 49,984 / 53,930
    encoded 51,264 / 53,930
    encoded 52,544 / 53,930
    encoded 53,824 / 53,930
  Encoded in 170.1s (317 phrases/sec)

  [f_common_wndef] shape=(53930, 1024), dtype=float32, L2 norm range=[23.5365, 33.6164]

Saved: data/embeddings/g_stock/f_common_wndef.npy

========================================================================
SUMMARY
========================================================================
Model path:        gabrielloiseau/CALE-MBERT-en
Pooling method:    meanpool
Vocab file:        data/filtered_split/wn_synset/wndef/vocabulary_wndef.csv
Phrase file:       data/filtered_split/wn_synset/wndef/f_common_wndef.csv
Vocabulary size:   53,930
Rows embedded:     53,930
Encoding time:     170.1s
  data/embeddings/g_stock/f_common_wndef.npy  (210.7 MB)
Total runtime:     179.4s (3.0 min)
GPU:               Tesla V100-PCIE-16GB
========================================================================
